e149444b6 (origin/main, origin/HEAD) Preparation for master plan implementation V1,V2, V3
6083004d4 Preparation for master plan implementation V1,V2, V3
be5bb3234 Preparation for master plan implementation V1,V2, V3
0018fbfaa Preparation for master plan implementation V1,V2, V3
44398dab1 Future-proof master plan implementation.
87d07b940 Future-proof master plan implementation.
a3fe56e7e Future-proof master plan implementation.
a2060e69e Future-proof master plan implementation.
a905530c5 Future-proof master plan implementation.
0bc1b9f60 Future-proof master plan implementation.
4a5df4785 Future-proof master plan implementation.
cc7d017a1 Future-proof master plan implementation.
75787ab82 Future-proof master plan implementation.
e60a53830 Future-proof master plan implementation.
62426b8b9 Future-proof master plan implementation.
86c20c1e9 Future-proof master plan implementation.
0ada1ddcc Add remaining validators and fix security validator false positives
8ae989419 Add pre-commit validation framework with chain of responsibility pattern
128ffb437 Future-proof master plan implementation.
026089bcd Future-proof master plan implementation.
e8a3bcfaa Future-proof master plan implementation.
99d924339 Future-proof master plan implementation.
17115b12d Future-proof master plan implementation.
52b044a56 Future-proof master plan implementation.
a06a8859e Future-proof master plan implementation.
81518282b Future-proof master plan implementation.
6b394befb Future-proof master plan implementation.
633d74deb Future-proof master plan implementation.
b92ffbcde Future-proof master plan implementation.
df6c4b9af Future-proof master plan implementation.
fc1ad0ea9 Future-proof master plan implementation.
0d7b78733 Future-proof master plan implementation.
526dd46e1 Future-proof master plan implementation.
938362a32 Future-proof master plan implementation.
3a1da9fdf Future-proof master plan implementation.
12b75875d Future-proof master plan implementation.
587475ea8 Future-proof master plan implementation.
91ddb0dfe Future-proof master plan implementation.
2c139a5f4 Future-proof master plan implementation.
980cbae0f Future-proof master plan implementation.
