== PDOExecutor before targeted patch ==
            $statement->execute(params: $bindings);
            $results = $statement->fetchAll();

            $this->dispatch(
                sql           : $sql,
                bindings      : $bindings,
                start         : $start,
                redactBindings: $this->shouldRedactBindings(),
                executionScope: $executionScope,
            );

            return $results;
        } catch (Throwable $throwable) {
            throw new QueryException(
                message    : 'Query execution failed: ' . $throwable->getMessage(),
                sql        : $sql,
                bindings: $bindings,
                throwable  : $throwable,
            );
        }
    }

    private function getPdo(): PDO
    {
        return $this->databaseConnection->getConnection();
    }

    /**
     * Execute a "Change" query (INSERT/UPDATE/DELETE/DDL).
     */
    #[Override]
    public function execute(
        string $sql,
        #[SensitiveParameter]
        array $bindings = [],
        ?ExecutionScope $executionScope = null,
    ): ExecutionResult {
        $start = microtime(as_float: true);

        try {
            $statement = $this->getPdo()->prepare(query: $sql);
            $success = $statement->execute(params: $bindings);

            $this->dispatch(
                sql           : $sql,
                bindings      : $bindings,
                start         : $start,
                redactBindings: $this->shouldRedactBindings(),
                executionScope: $executionScope,
            );

            return new ExecutionResult(
                success     : $success,
                affectedRows: $statement->rowCount(),
                lastInsertId: $this->resolveLastInsertId(sql: $sql),
            );
        } catch (Throwable $throwable) {
            throw new QueryException(
                message    : 'Execution failed: ' . $throwable->getMessage(),
                sql        : $sql,
                bindings: $bindings,
                throwable  : $throwable,
            );
        }
    }

    /**
     * @throws RandomException
     */
    private function dispatch(
        string $sql,
