== Recovery reports ==
total 616K
drwxrwxr-x  2 shomsy shomsy 4.0K May  5 15:38 .
drwxrwxrwx 14 shomsy shomsy 4.0K May  5 15:35 ..
-rw-rw-r--  1 shomsy shomsy  78K May  5 15:35 database-extracted-backup-files.md
-rw-rw-r--  1 shomsy shomsy   84 May  5 15:35 database-git-status.txt
-rw-rw-r--  1 shomsy shomsy  68K May  5 15:35 database-old-to-new-map.md
-rw-rw-r--  1 shomsy shomsy  26K May  5 15:35 database-phpstan-families.md
-rw-rw-r--  1 shomsy shomsy 234K May  5 15:35 database-phpstan.raw
-rw-rw-r--  1 shomsy shomsy 4.4K May  5 15:35 persistence-extracted-backup-files.md
-rw-rw-r--  1 shomsy shomsy  182 May  5 15:35 persistence-git-status.txt
-rw-rw-r--  1 shomsy shomsy 3.9K May  5 15:35 persistence-old-to-new-map.md
-rw-rw-r--  1 shomsy shomsy  18K May  5 15:35 persistence-phpstan-families.md
-rw-rw-r--  1 shomsy shomsy  30K May  5 15:35 persistence-phpstan.raw
-rw-rw-r--  1 shomsy shomsy 104K May  5 15:35 recovery-all-run.log
-rw-rw-r--  1 shomsy shomsy  552 May  5 15:35 recovery-proof-guard-run.log
-rw-rw-r--  1 shomsy shomsy   67 May  5 15:35 recovery-smoke-database-run.log
-rw-rw-r--  1 shomsy shomsy   70 May  5 15:35 recovery-smoke-persistence-run.log
-rw-rw-r--  1 shomsy shomsy  385 May  5 15:35 recovery-stamp-missing-v1-run.log
-rw-rw-r--  1 shomsy shomsy   23 May  5 15:38 recovery-summary.log

== Database extracted ==
358

== Persistence extracted ==
22

== Database PHPStan top families ==
# PHPStan Error Families

Input: `Code-Review-And-ToDo/recovery-reports/database-phpstan.raw`

| Family | Count |
|---|---:|
| missing_iterable_value_type | 275 |
| other | 266 |
| mixed | 102 |
| wrong_return | 64 |
| unknown_method | 42 |
| phpdoc | 28 |
| wrong_argument | 20 |
| unknown_class | 4 |
| unknown_property | 3 |
| missing_generic | 1 |

## Examples

### missing_generic

- `/home/shomsy/projects/avax/components/DataStack/Database/System/PublicSurface/Entities.php:56:Method Avax\Components\DataStack\Database\System\PublicSurface\Entities::repository() return type with generic class Avax\Components\DataStack\Database\System\Capabilities\ORM\Repositories\EntityRepository does not specify its types: TEntity`

### missing_iterable_value_type

- `/home/shomsy/projects/avax/components/DataStack/Database/System/Capabilities/Advanced/BloomFilter.php:9:Property Avax\Components\DataStack\Database\System\Capabilities\Advanced\BloomFilter::$bitset type has no value type specified in iterable type array.`
- `/home/shomsy/projects/avax/components/DataStack/Database/System/Capabilities/Advanced/DatabaseBloomFilter.php:9:Property Avax\Components\DataStack\Database\System\Capabilities\Advanced\DatabaseBloomFilter::$bitset type has no value type specified in iterable type array.`
- `/home/shomsy/projects/avax/components/DataStack/Database/System/Capabilities/Advanced/TwoPhaseCommit.php:11:Method Avax\Components\DataStack\Database\System\Capabilities\Advanced\TwoPhaseCommit::coordinate() has parameter $participants with no value type specified in iterable type array.`
- `/home/shomsy/projects/avax/components/DataStack/Database/System/Capabilities/Connections/MultiTenantPool.php:13:Property Avax\Components\DataStack\Database\System\Capabilities\Connections\MultiTenantPool::$pools type has no value type specified in iterable type array.`
- `/home/shomsy/projects/avax/components/DataStack/Database/System/Capabilities/Connections/MultiTenantPool.php:15:Method Avax\Components\DataStack\Database\System\Capabilities\Connections\MultiTenantPool::__construct() has parameter $tenantConfigs with no value type specified in iterable type array.`
- `/home/shomsy/projects/avax/components/DataStack/Database/System/Capabilities/Connections/MySQLPool.php:12:Property Avax\Components\DataStack\Database\System\Capabilities\Connections\MySQLPool::$pool type has no value type specified in iterable type array.`
- `/home/shomsy/projects/avax/components/DataStack/Database/System/Capabilities/Connections/MySQLPool.php:14:Method Avax\Components\DataStack\Database\System\Capabilities\Connections\MySQLPool::__construct() has parameter $options with no value type specified in iterable type array.`
- `/home/shomsy/projects/avax/components/DataStack/Database/System/Capabilities/Connections/Pools/ArrayPooledConnection.php:18:Method Avax\Components\DataStack\Database\System\Capabilities\Connections\Pools\ArrayPooledConnection::__construct() has parameter $config with no value type specified in iterable type array.`
- `/home/shomsy/projects/avax/components/DataStack/Database/System/Capabilities/Connections/Pools/CassandraPool.php:16:Method Avax\Components\DataStack\Database\System\Capabilities\Connections\Pools\CassandraPool::__construct() has parameter $config with no value type specified in iterable type array.`
- `/home/shomsy/projects/avax/components/DataStack/Database/System/Capabilities/Connections/Pools/ClickHousePool.php:16:Method Avax\Components\DataStack\Database\System\Capabilities\Connections\Pools\ClickHousePool::__construct() has parameter $config with no value type specified in iterable type array.`

### mixed

- `/home/shomsy/projects/avax/components/DataStack/Database/System/Capabilities/Advanced/TwoPhaseCommit.php:15:Mixed variable in a `$p->...()` can skip important errors. Make sure the type is known`
- `/home/shomsy/projects/avax/components/DataStack/Database/System/Capabilities/Advanced/TwoPhaseCommit.php:20:Mixed variable in a `$participant->...()` can skip important errors. Make sure the type is known`
- `/home/shomsy/projects/avax/components/DataStack/Database/System/Capabilities/Advanced/TwoPhaseCommit.php:24:Mixed variable in a `$participant->...()` can skip important errors. Make sure the type is known`
- `/home/shomsy/projects/avax/components/DataStack/Database/System/Capabilities/Connections/Pools/ElasticsearchPool.php:23:Missing parameter $config (array<string, mixed>) in call to method Avax\Components\DataStack\Database\System\Capabilities\Connections\Pools\DatabaseConnectionPool::__construct().`
- `/home/shomsy/projects/avax/components/DataStack/Database/System/Capabilities/Connections/Pools/Neo4jPool.php:23:Missing parameter $config (array<string, mixed>) in call to method Avax\Components\DataStack\Database\System\Capabilities\Connections\Pools\DatabaseConnectionPool::__construct().`
- `/home/shomsy/projects/avax/components/DataStack/Database/System/Capabilities/Migrations/MigrationEngine.php:29:Mixed variable in a `$migration->...()` can skip important errors. Make sure the type is known`
- `/home/shomsy/projects/avax/components/DataStack/Database/System/Capabilities/Migrations/RunMigrations/MigrationRepository.php:94:Mixed variable in a `$table->...()` can skip important errors. Make sure the type is known`
- `/home/shomsy/projects/avax/components/DataStack/Database/System/Capabilities/Migrations/RunMigrations/MigrationRepository.php:95:Mixed variable in a `$table->...()` can skip important errors. Make sure the type is known`
- `/home/shomsy/projects/avax/components/DataStack/Database/System/Capabilities/Migrations/RunMigrations/MigrationRepository.php:96:Mixed variable in a `$table->...()` can skip important errors. Make sure the type is known`
- `/home/shomsy/projects/avax/components/DataStack/Database/System/Capabilities/Migrations/RunMigrations/MigrationRepository.php:97:Mixed variable in a `$table->...()` can skip important errors. Make sure the type is known`

### other

- `/home/shomsy/projects/avax/components/DataStack/Database/System/Capabilities/Connections/Connections.php:59:Missing parameter $executionScope (Avax\Components\DataStack\Database\System\Capabilities\Telemetry\Trackers\ExecutionScope) in call to method Avax\Components\DataStack\Database\System\Capabilities\Connections\ReadConnection\ReadConnection::withScope().`
- `/home/shomsy/projects/avax/components/DataStack/Database/System/Capabilities/Connections/Connections.php:59:Unknown parameter $scope in call to method Avax\Components\DataStack\Database\System\Capabilities\Connections\ReadConnection\ReadConnection::withScope().`
- `/home/shomsy/projects/avax/components/DataStack/Database/System/Capabilities/Connections/OpenConnection/BuildPhysicalConnection.php:58:Unknown parameter $previous in call to Avax\Components\DataStack\Database\System\Capabilities\Connections\Exceptions\ConnectionFailure constructor.`
- `/home/shomsy/projects/avax/components/DataStack/Database/System/Capabilities/Connections/OpenConnection/OpenConnection.php:60:Unknown parameter $scope in call to Avax\Components\DataStack\Database\System\Capabilities\Connections\OpenConnection\OpenConnection constructor.`
- `/home/shomsy/projects/avax/components/DataStack/Database/System/Capabilities/Connections/OpenConnection/OpenConnection.php:69:Unknown parameter $scope in call to Avax\Components\DataStack\Database\System\Capabilities\Connections\OpenConnection\OpenConnection constructor.`
- `/home/shomsy/projects/avax/components/DataStack/Database/System/Capabilities/Connections/Pools/BorrowedConnection.php:77:Missing parameter $databaseConnection (Avax\Components\DataStack\Database\System\Capabilities\Connections\Contracts\DatabaseConnection) in call to method Avax\Components\DataStack\Database\System\Capabilities\Connections\Pools\Contracts\ConnectionPoolInterface::release().`
- `/home/shomsy/projects/avax/components/DataStack/Database/System/Capabilities/Connections/Pools/BorrowedConnection.php:77:Unknown parameter $connection in call to method Avax\Components\DataStack\Database\System\Capabilities\Connections\Pools\Contracts\ConnectionPoolInterface::release().`
- `/home/shomsy/projects/avax/components/DataStack/Database/System/Capabilities/Connections/Pools/CassandraPool.php:23:Call to an undefined static method Avax\Components\DataStack\Database\System\Capabilities\Connections\Pools\BaseConnectionPool::__construct().`
- `/home/shomsy/projects/avax/components/DataStack/Database/System/Capabilities/Connections/Pools/CassandraPool.php:31:Method Avax\Components\DataStack\Database\System\Capabilities\Connections\Pools\CassandraPool::createConnection() has #[\Override] attribute but does not override any method.`
- `/home/shomsy/projects/avax/components/DataStack/Database/System/Capabilities/Connections/Pools/CassandraPool.php:38:Method Avax\Components\DataStack\Database\System\Capabilities\Connections\Pools\CassandraPool::validateConnection() has #[\Override] attribute but does not override any method.`

### phpdoc

- `/home/shomsy/projects/avax/components/DataStack/Database/System/Capabilities/ORM/Proxies/LazyReference.php:18:PHPDoc tag @param for parameter $loader with type (callable)|null is not subtype of native type Closure.`
- `/home/shomsy/projects/avax/components/DataStack/Database/System/Capabilities/ORM/Proxies/LazyReference.php:18:PHPDoc type for property Avax\Components\DataStack\Database\System\Capabilities\ORM\Proxies\LazyReference::$loader with type (callable)|null is not subtype of native type Closure.`
- `/home/shomsy/projects/avax/components/DataStack/Database/System/Capabilities/Query/Builder/Concerns/HasConditions.php (in context of class Avax\Components\DataStack\Database\System\Capabilities\Query\Builder\QueryBuilder):32:PHPDoc tag @return with type Avax\Components\DataStack\Database\System\Capabilities\Query\Builder\Concerns\HasConditions|Avax\Components\DataStack\Database\System\Capabilities\Query\Builder\QueryBuilder is not subtype of native type Avax\Components\DataStack\Database\System\Capabilities\Query\Builder\QueryBuilder.`
- `/home/shomsy/projects/avax/components/DataStack/Database/System/Capabilities/Query/Builder/Concerns/HasConditions.php (in context of class Avax\Components\DataStack\Database\System\Capabilities\Query\Builder\QueryBuilder):49:PHPDoc tag @return with type Avax\Components\DataStack\Database\System\Capabilities\Query\Builder\Concerns\HasConditions|Avax\Components\DataStack\Database\System\Capabilities\Query\Builder\QueryBuilder is not subtype of native type Avax\Components\DataStack\Database\System\Capabilities\Query\Builder\QueryBuilder.`
- `/home/shomsy/projects/avax/components/DataStack/Database/System/Capabilities/Query/Builder/Concerns/HasConditions.php (in context of class Avax\Components\DataStack\Database\System\Capabilities\Query\Builder\QueryBuilder):102:PHPDoc tag @return with type Avax\Components\DataStack\Database\System\Capabilities\Query\Builder\Concerns\HasConditions|Avax\Components\DataStack\Database\System\Capabilities\Query\Builder\QueryBuilder is not subtype of native type Avax\Components\DataStack\Database\System\Capabilities\Query\Builder\QueryBuilder.`
- `/home/shomsy/projects/avax/components/DataStack/Database/System/Capabilities/Query/Builder/Concerns/HasConditions.php (in context of class Avax\Components\DataStack\Database\System\Capabilities\Query\Builder\QueryBuilder):140:PHPDoc tag @return with type Avax\Components\DataStack\Database\System\Capabilities\Query\Builder\Concerns\HasConditions|Avax\Components\DataStack\Database\System\Capabilities\Query\Builder\QueryBuilder is not subtype of native type Avax\Components\DataStack\Database\System\Capabilities\Query\Builder\QueryBuilder.`
- `/home/shomsy/projects/avax/components/DataStack/Database/System/Capabilities/Query/Builder/Concerns/HasConditions.php (in context of class Avax\Components\DataStack\Database\System\Capabilities\Query\Builder\QueryBuilder):167:PHPDoc tag @return with type Avax\Components\DataStack\Database\System\Capabilities\Query\Builder\Concerns\HasConditions|Avax\Components\DataStack\Database\System\Capabilities\Query\Builder\QueryBuilder is not subtype of native type Avax\Components\DataStack\Database\System\Capabilities\Query\Builder\QueryBuilder.`
- `/home/shomsy/projects/avax/components/DataStack/Database/System/Capabilities/Query/Builder/Concerns/HasConditions.php (in context of class Avax\Components\DataStack\Database\System\Capabilities\Query\Builder\QueryBuilder):207:PHPDoc tag @return with type Avax\Components\DataStack\Database\System\Capabilities\Query\Builder\Concerns\HasConditions|Avax\Components\DataStack\Database\System\Capabilities\Query\Builder\QueryBuilder is not subtype of native type Avax\Components\DataStack\Database\System\Capabilities\Query\Builder\QueryBuilder.`
- `/home/shomsy/projects/avax/components/DataStack/Database/System/Capabilities/Query/Builder/Concerns/HasControlStructures.php (in context of class Avax\Components\DataStack\Database\System\Capabilities\Query\Builder\QueryBuilder):58:PHPDoc tag @return with type Avax\Components\DataStack\Database\System\Capabilities\Query\Builder\Concerns\HasControlStructures|Avax\Components\DataStack\Database\System\Capabilities\Query\Builder\QueryBuilder is not subtype of native type Avax\Components\DataStack\Database\System\Capabilities\Query\Builder\QueryBuilder.`
- `/home/shomsy/projects/avax/components/DataStack/Database/System/Capabilities/Query/Builder/Concerns/HasControlStructures.php (in context of class Avax\Components\DataStack\Database\System\Capabilities\Query\Builder\QueryBuilder):84:PHPDoc tag @return with type Avax\Components\DataStack\Database\System\Capabilities\Query\Builder\Concerns\HasControlStructures|Avax\Components\DataStack\Database\System\Capabilities\Query\Builder\QueryBuilder is not subtype of native type Avax\Components\DataStack\Database\System\Capabilities\Query\Builder\QueryBuilder.`

### unknown_class

- `/home/shomsy/projects/avax/components/DataStack/Database/System/Capabilities/Migrations/LoadMigrations/MigrationLoader.php:56:Class Avax\Components\DataStack\Database\System\Capabilities\Migrations\Design\BaseMigration not found.`
- `/home/shomsy/projects/avax/components/DataStack/Database/System/Capabilities/Migrations/LoadMigrations/MigrationLoader.php:93:Class Avax\Components\DataStack\Database\System\Capabilities\Migrations\Design\BaseMigration not found.`
- `/home/shomsy/projects/avax/components/DataStack/Database/System/Capabilities/QueryGovernance/QueryGovernance.php:31:Call to static method detect() on an unknown class Avax\Components\DataStack\Database\System\Capabilities\QueryGovernance\System\Capabilities\Detection\NPlusOneDetector.`

== Persistence PHPStan top families ==
# PHPStan Error Families

Input: `Code-Review-And-ToDo/recovery-reports/persistence-phpstan.raw`

| Family | Count |
|---|---:|
| missing_iterable_value_type | 44 |
| other | 26 |
| missing_generic | 9 |
| mixed | 8 |
| wrong_return | 7 |
| wrong_argument | 6 |
| unknown_method | 5 |
| array_shape | 5 |
| phpdoc | 1 |

## Examples

### array_shape

- `/home/shomsy/projects/avax/components/DataStack/Persistence/System/Capabilities/Diagnostics/DetectNPlusOneQuery.php:83:Offset 'pattern' does not exist on array{count: int, queries: array<string>, firstSeen: float, lastSeen: float}.`
- `/home/shomsy/projects/avax/components/DataStack/Persistence/System/Capabilities/Diagnostics/DetectNPlusOneQuery.php:87:Offset 'pattern' does not exist on array{count: int, queries: array<string>, firstSeen: float, lastSeen: float}.`
- `/home/shomsy/projects/avax/components/DataStack/Persistence/System/Capabilities/Diagnostics/DetectNPlusOneQuery.php:137:Offset 'pattern' does not exist on array{count: int, queries: array<string>, firstSeen: float, lastSeen: float}.`
- `/home/shomsy/projects/avax/components/DataStack/Persistence/System/Capabilities/Diagnostics/DetectNPlusOneQuery.php:141:Offset 'pattern' does not exist on array{count: int, queries: array<string>, firstSeen: float, lastSeen: float}.`
- `/home/shomsy/projects/avax/components/DataStack/Persistence/System/Capabilities/ReadOptimization/MaterializedViewReader.php:99:PHPDoc tag @implements has invalid value (MaterializedViewInterface): Unexpected token "\n ", expected '<' at offset 295 on line 10`

### missing_generic

- `/home/shomsy/projects/avax/components/DataStack/Persistence/System/Capabilities/ReadOptimization/MaterializedViewReader.php:271:Property Avax\Components\DataStack\Persistence\System\Capabilities\ReadOptimization\MaterializedViewRegistry::$views with generic class Avax\Components\DataStack\Persistence\System\Capabilities\ReadOptimization\MaterializedView does not specify its types: T`
- `/home/shomsy/projects/avax/components/DataStack/Persistence/System/Capabilities/ReadOptimization/MaterializedViewReader.php:276:Method Avax\Components\DataStack\Persistence\System\Capabilities\ReadOptimization\MaterializedViewRegistry::register() has parameter $materializedView with generic class Avax\Components\DataStack\Persistence\System\Capabilities\ReadOptimization\MaterializedView but does not specify its types: T`
- `/home/shomsy/projects/avax/components/DataStack/Persistence/System/Capabilities/ReadOptimization/MaterializedViewReader.php:310:Method Avax\Components\DataStack\Persistence\System\Capabilities\ReadOptimization\MaterializedViewRegistry::get() return type with generic class Avax\Components\DataStack\Persistence\System\Capabilities\ReadOptimization\MaterializedView does not specify its types: T`
- `/home/shomsy/projects/avax/components/DataStack/Persistence/System/Capabilities/ReadOptimization/MaterializedViewReader.php:324:Method Avax\Components\DataStack\Persistence\System\Capabilities\ReadOptimization\MaterializedViewRegistry::staleViews() return type with generic class Avax\Components\DataStack\Persistence\System\Capabilities\ReadOptimization\MaterializedView does not specify its types: T`
- `/home/shomsy/projects/avax/components/DataStack/Persistence/System/Capabilities/ReadOptimization/MaterializedViewRegistry.php:13:Method Avax\Components\DataStack\Persistence\System\Capabilities\ReadOptimization\MaterializedViewRegistry::register() has parameter $materializedView with generic class Avax\Components\DataStack\Persistence\System\Capabilities\ReadOptimization\MaterializedView but does not specify its types: T`
- `/home/shomsy/projects/avax/components/DataStack/Persistence/System/Capabilities/ReadOptimization/MaterializedViewRegistry.php:33:Method Avax\Components\DataStack\Persistence\System\Capabilities\ReadOptimization\MaterializedViewRegistry::get() return type with generic class Avax\Components\DataStack\Persistence\System\Capabilities\ReadOptimization\MaterializedView does not specify its types: T`
- `/home/shomsy/projects/avax/components/DataStack/Persistence/System/Flows/DeleteEntity/DeleteEntity.php:11:Method Avax\Components\DataStack\Persistence\System\Flows\DeleteEntity\DeleteEntity::delete() has parameter $repository with generic class Avax\Components\DataStack\Persistence\System\Capabilities\Repositories\Repository but does not specify its types: T`
- `/home/shomsy/projects/avax/components/DataStack/Persistence/System/Flows/FindEntity/FindEntity.php:11:Method Avax\Components\DataStack\Persistence\System\Flows\FindEntity\FindEntity::find() has parameter $repository with generic class Avax\Components\DataStack\Persistence\System\Capabilities\Repositories\Repository but does not specify its types: T`
- `/home/shomsy/projects/avax/components/DataStack/Persistence/System/Flows/SaveEntity/SaveEntity.php:11:Method Avax\Components\DataStack\Persistence\System\Flows\SaveEntity\SaveEntity::save() has parameter $repository with generic class Avax\Components\DataStack\Persistence\System\Capabilities\Repositories\Repository but does not specify its types: T`

### missing_iterable_value_type

- `/home/shomsy/projects/avax/components/DataStack/Persistence/AccessPersistentData/PersistentDataRequest.php:8:Method Avax\Components\DataStack\Persistence\AccessPersistentData\PersistentDataRequest::__construct() has parameter $parameters with no value type specified in iterable type array.`
- `/home/shomsy/projects/avax/components/DataStack/Persistence/AccessPersistentData/PersistentDataResult.php:8:Method Avax\Components\DataStack\Persistence\AccessPersistentData\PersistentDataResult::__construct() has parameter $rows with no value type specified in iterable type array.`
- `/home/shomsy/projects/avax/components/DataStack/Persistence/System/Capabilities/Consistency/ConflictPair.php:12:Method Avax\Components\DataStack\Persistence\System\Capabilities\Consistency\ConflictPair::__construct() has parameter $context with no value type specified in iterable type array.`
- `/home/shomsy/projects/avax/components/DataStack/Persistence/System/Capabilities/Consistency/ConflictResolution.php:256:Method Avax\Components\DataStack\Persistence\System\Capabilities\Consistency\ConflictPair::__construct() has parameter $context with no value type specified in iterable type array.`
- `/home/shomsy/projects/avax/components/DataStack/Persistence/System/Capabilities/Consistency/ConflictResolutionResult.php:12:Method Avax\Components\DataStack\Persistence\System\Capabilities\Consistency\ConflictResolutionResult::__construct() has parameter $details with no value type specified in iterable type array.`
- `/home/shomsy/projects/avax/components/DataStack/Persistence/System/Capabilities/Consistency/ConflictResolutionResult.php:36:Method Avax\Components\DataStack\Persistence\System\Capabilities\Consistency\ConflictResolutionResult::resolved() has parameter $details with no value type specified in iterable type array.`
- `/home/shomsy/projects/avax/components/DataStack/Persistence/System/Capabilities/Consistency/EventualConsistency.php:90:Method Avax\Components\DataStack\Persistence\System\Capabilities\Consistency\ConflictResolutionResult::__construct() has parameter $details with no value type specified in iterable type array.`
- `/home/shomsy/projects/avax/components/DataStack/Persistence/System/Capabilities/Consistency/EventualConsistency.php:112:Method Avax\Components\DataStack\Persistence\System\Capabilities\Consistency\ConflictResolutionResult::resolved() has parameter $details with no value type specified in iterable type array.`
- `/home/shomsy/projects/avax/components/DataStack/Persistence/System/Capabilities/Diagnostics/SlowPersistenceQueryDetector.php:18:Method Avax\Components\DataStack\Persistence\System\Capabilities\Diagnostics\SlowPersistenceReport::__construct() has parameter $context with no value type specified in iterable type array.`
- `/home/shomsy/projects/avax/components/DataStack/Persistence/System/Capabilities/Diagnostics/SlowPersistenceQueryDetector.php:32:Method Avax\Components\DataStack\Persistence\System\Capabilities\Diagnostics\SlowPersistenceReport::create() has parameter $context with no value type specified in iterable type array.`

### mixed

- `/home/shomsy/projects/avax/components/DataStack/Persistence/AccessPersistentData/AccessPersistentData.php:34:Mixed variable in a `$this->databaseRuntime->query()->...()` can skip important errors. Make sure the type is known`
- `/home/shomsy/projects/avax/components/DataStack/Persistence/AccessPersistentData/AccessPersistentData.php:34:Mixed variable in a `$this->databaseRuntime->query()->statement($request->statement)->...()` can skip important errors. Make sure the type is known`
- `/home/shomsy/projects/avax/components/DataStack/Persistence/AccessPersistentData/AccessPersistentData.php:34:Mixed variable in a `$this->databaseRuntime->query()->statement($request->statement)->bindings($request->parameters)->...()` can skip important errors. Make sure the type is known`
- `/home/shomsy/projects/avax/components/DataStack/Persistence/AccessPersistentData/AccessPersistentData.php:60:Mixed variable in a `$this->databaseRuntime->transactions()->...()` can skip important errors. Make sure the type is known`
- `/home/shomsy/projects/avax/components/DataStack/Persistence/CommitDataChanges/CommitDataChanges.php:23:Mixed variable in a `$this->databaseRuntime->transactions()->...()` can skip important errors. Make sure the type is known`
- `/home/shomsy/projects/avax/components/DataStack/Persistence/CommitDataChanges/CommitDataChanges.php:36:Mixed variable in a `$this->databaseRuntime->transactions()->...()` can skip important errors. Make sure the type is known`
- `/home/shomsy/projects/avax/components/DataStack/Persistence/CommitDataChanges/CommitDataChanges.php:47:Mixed variable in a `$this->databaseRuntime->transactions()->...()` can skip important errors. Make sure the type is known`
- `/home/shomsy/projects/avax/components/DataStack/Persistence/System/Capabilities/ReadOptimization/MaterializedViewRegistry.php:22:Mixed variable in a `$view->...()` can skip important errors. Make sure the type is known`

### other

- `/home/shomsy/projects/avax/components/DataStack/Persistence/AccessPersistentData/AccessPersistentData.php:42:Class Avax\Components\Persistence\System\Foundation\Failure\PersistenceFailure does not have a constructor and must be instantiated without any parameters.`
- `/home/shomsy/projects/avax/components/DataStack/Persistence/AccessPersistentData/AccessPersistentData.php:42:Invalid type Avax\Components\Persistence\System\Foundation\Failure\PersistenceFailure to throw.`
- `/home/shomsy/projects/avax/components/DataStack/Persistence/AccessPersistentData/AccessPersistentData.php:49:Class Avax\Components\Persistence\System\Foundation\Failure\PersistenceFailure does not have a constructor and must be instantiated without any parameters.`
- `/home/shomsy/projects/avax/components/DataStack/Persistence/AccessPersistentData/AccessPersistentData.php:49:Invalid type Avax\Components\Persistence\System\Foundation\Failure\PersistenceFailure to throw.`
- `/home/shomsy/projects/avax/components/DataStack/Persistence/AccessPersistentData/AccessPersistentData.php:57:Unknown parameter $callback in call to method stdClass::runDataTransaction().`
- `/home/shomsy/projects/avax/components/DataStack/Persistence/AccessPersistentData/AccessPersistentData.php:57:Unknown parameter $connectionName in call to method stdClass::runDataTransaction().`
- `/home/shomsy/projects/avax/components/DataStack/Persistence/AccessPersistentData/AccessPersistentData.php:62:Class Avax\Components\Persistence\System\Foundation\Failure\PersistenceFailure does not have a constructor and must be instantiated without any parameters.`
- `/home/shomsy/projects/avax/components/DataStack/Persistence/AccessPersistentData/AccessPersistentData.php:62:Invalid type Avax\Components\Persistence\System\Foundation\Failure\PersistenceFailure to throw.`
- `/home/shomsy/projects/avax/components/DataStack/Persistence/DataLayer.php:26:Class Avax\Components\DataStack\Persistence\AccessPersistentData does not have a constructor and must be instantiated without any parameters.`
- `/home/shomsy/projects/avax/components/DataStack/Persistence/DataLayer.php:27:Class Avax\Components\DataStack\Persistence\CommitDataChanges does not have a constructor and must be instantiated without any parameters.`

### phpdoc

- `/home/shomsy/projects/avax/components/DataStack/Persistence/System/Capabilities/QueryIntent/DataQueryBuilder.php:115:PHPDoc tag @param references unknown parameter: $join`

### unknown_method

== Git status ==
 M .phpunit.cache/test-results
?? Code-Review-And-ToDo/recovery-reports/
?? Code-Review-And-ToDo/recovery-staging/
?? Makefile.recovery
?? components/Application/Localization/
?? components/Operations/Events/how-this-works.md
?? components/Operations/Notifications/how-this-works.md
?? components/Operations/Observability/how-this-works.md
?? tests/Unit/Generated/
?? tooling/recovery/
