
== EXIT CODE SUMMARY ==
Code-Review-And-ToDo/v1-truth-verification/broken-refs.log:1194:EXIT_CODE=0
Code-Review-And-ToDo/v1-truth-verification/categorize-broken-refs.log:6:EXIT_CODE=0
Code-Review-And-ToDo/v1-truth-verification/component-suite.log:6:EXIT_CODE=0
Code-Review-And-ToDo/v1-truth-verification/composer-dump-autoload.log:7:EXIT_CODE=0
Code-Review-And-ToDo/v1-truth-verification/composer-validate.log:6:EXIT_CODE=0
Code-Review-And-ToDo/v1-truth-verification/docs-mirror.log:6:EXIT_CODE=0
Code-Review-And-ToDo/v1-truth-verification/docs-validate.log:6:EXIT_CODE=0
Code-Review-And-ToDo/v1-truth-verification/duplicate-owners.log:6:EXIT_CODE=0
Code-Review-And-ToDo/v1-truth-verification/forbidden-folders.log:6:EXIT_CODE=0
Code-Review-And-ToDo/v1-truth-verification/namespace-drift.log:6:EXIT_CODE=0
Code-Review-And-ToDo/v1-truth-verification/phpstan-components.log:7112:EXIT_CODE=1
Code-Review-And-ToDo/v1-truth-verification/phpstan-framework-components-tests.log:7318:EXIT_CODE=1
Code-Review-And-ToDo/v1-truth-verification/phpstan-framework.log:6:EXIT_CODE=0
Code-Review-And-ToDo/v1-truth-verification/phpstan-tests.log:211:EXIT_CODE=1
Code-Review-And-ToDo/v1-truth-verification/phpunit-full.log:19:EXIT_CODE=0
Code-Review-And-ToDo/v1-truth-verification/public-surface.log:6:EXIT_CODE=0
Code-Review-And-ToDo/v1-truth-verification/runtime-doctor.log:9:EXIT_CODE=0
Code-Review-And-ToDo/v1-truth-verification/runtime-leaks.log:6:EXIT_CODE=0
Code-Review-And-ToDo/v1-truth-verification/superglobals.log:6:EXIT_CODE=0
