== Schema facade public surface ==
<?php

declare(strict_types=1);

namespace Avax\Components\DataStack\Database\System\PublicSurface;

use Avax\Components\DataStack\Database\System\Capabilities\Migrations\Schema\Schema as SchemaCapability;

/**
 * Public surface for Schema manipulation.
 */
final readonly class Schema
{
    public function __construct(
        private SchemaCapability $schemaCapability,
    ) {}

    public function create(string $table, callable $callback, ?string $connectionName = null) : void
    {
        $this->schemaCapability->create($table, $callback, $connectionName);
    }

    public function table(string $table, callable $callback, ?string $connectionName = null) : void
    {
        $this->schemaCapability->table($table, $callback, $connectionName);
    }

    public function drop(string $table, ?string $connectionName = null) : void
    {
        $this->schemaCapability->drop($table, $connectionName);
    }

    public function dropIfExists(string $table, ?string $connectionName = null) : void
    {
        $this->schemaCapability->dropIfExists($table, $connectionName);
    }

    public function truncate(string $table, ?string $connectionName = null) : void
    {
        $this->schemaCapability->truncate($table, $connectionName);
    }

    public function createDatabase(string $name, ?string $connectionName = null) : void
    {
        $this->schemaCapability->createDatabase($name, $connectionName);
    }

    public function dropDatabase(string $name, ?string $connectionName = null) : void
    {
        $this->schemaCapability->dropDatabase($name, $connectionName);
    }
}

== Schema capability full file ==
<?php

declare(strict_types=1);

namespace Avax\Components\DataStack\Database\System\Capabilities\Migrations\Schema;

use Avax\Components\DataStack\Database\System\Capabilities\Migrations\Design\Table\Blueprint;
use Avax\Components\DataStack\Database\System\Capabilities\Query\Builder\QueryBuilder;
use Avax\Components\DataStack\Database\System\Capabilities\Query\Grammar\GrammarInterface;
use Avax\Components\DataStack\Database\System\Capabilities\Query\Query;
use Throwable;

/**
 * Public schema runtime layered over the migration design DSL.
 */
final readonly class Schema
{
    public function __construct(private Query $query) {}

    /**
     * @throws Throwable
     */
    public function create(string $table, callable $callback, ?string $connectionName = null) : void
    {
        $blueprint = new Blueprint(table: $table);
        $callback($blueprint);

        $this->runStatements(
            statements    : $blueprint->toSql(grammar: $this->grammar(connectionName: $connectionName)),
            connectionName: $connectionName,
        );
    }

    /**
     * @param list<string> $statements
     *
     * @throws Throwable
     */
    private function runStatements(array $statements, ?string $connectionName = null) : void
    {
        $builder = $this->builder(connectionName: $connectionName);

        foreach ($statements as $statement) {
            $builder->statement(query: $statement);
        }
    }

    /**
     * @throws Throwable
     */
    private function builder(?string $connectionName = null) : QueryBuilder
    {
        return $this->query->builder(connectionName: $connectionName);
    }

    /**
     * @throws Throwable
     */
    private function grammar(?string $connectionName = null) : GrammarInterface
    {
        return $this->builder(connectionName: $connectionName)->getGrammar();
    }

    /**
     * @throws Throwable
     */
    public function table(string $table, callable $callback, ?string $connectionName = null) : void
    {
        $blueprint = new Blueprint(table: $table)->setAlterMode();
        $callback($blueprint);

        $this->runStatements(
            statements    : $blueprint->toSql(grammar: $this->grammar(connectionName: $connectionName)),
            connectionName: $connectionName,
        );
    }

    /**
     * @throws Throwable
     */
    public function drop(string $table, ?string $connectionName = null) : void
    {
        $grammar = $this->grammar(connectionName: $connectionName);
        $this->builder(connectionName: $connectionName)->statement(
            query: 'DROP TABLE ' . $grammar->wrap(value: $table),
        );
    }

    /**
     * @throws Throwable
     */
    public function dropIfExists(string $table, ?string $connectionName = null) : void
    {
        $this->builder(connectionName: $connectionName)->statement(
            query: $this->grammar(connectionName: $connectionName)->compileDropIfExists(table: $table),
        );
    }

    /**
     * @throws Throwable
     */
    public function truncate(string $table, ?string $connectionName = null) : void
    {
        $this->builder(connectionName: $connectionName)->statement(
            query: $this->grammar(connectionName: $connectionName)->compileTruncate(table: $table),
        );
    }

    /**
     * @throws Throwable
     */
    public function createDatabase(string $name, ?string $connectionName = null) : void
    {
        $this->builder(connectionName: $connectionName)->statement(
            query: $this->grammar(connectionName: $connectionName)->compileCreateDatabase(name: $name),
        );
    }

    /**
     * @throws Throwable
     */
    public function dropDatabase(string $name, ?string $connectionName = null) : void
    {
        $this->builder(connectionName: $connectionName)->statement(
            query: $this->grammar(connectionName: $connectionName)->compileDropDatabase(name: $name),
        );
    }
}

== PublicSurface Query ==
<?php

declare(strict_types=1);

namespace Avax\Components\DataStack\Database\System\PublicSurface;

use Avax\Components\DataStack\Database\System\Capabilities\Query\Builder\QueryBuilder;
use Avax\Components\DataStack\Database\System\Capabilities\Query\Query as QueryCapability;
use Avax\Components\DataStack\Database\System\Capabilities\Query\ValueObjects\Expression;

/**
 * Public surface for Querying operations.
 */
final readonly class Query
{
    public function __construct(
        private QueryCapability $queryCapability,
        private ?string $connectionName = null,
    ) {}

    public function on(?string $connectionName = null) : self
    {
        return new self($this->queryCapability, $connectionName);
    }

    public function builder(?string $connectionName = null) : QueryBuilder
    {
        return $this->queryCapability->builder($connectionName ?? $this->connectionName);
    }

    public function table(string $table, ?string $connectionName = null) : QueryBuilder
    {
        return $this->from($table, $connectionName);
    }

    public function from(string $table, ?string $connectionName = null) : QueryBuilder
    {
        return $this->queryCapability->from($table, $connectionName ?? $this->connectionName);
    }

    public function raw(string $value, ?string $connectionName = null) : Expression
    {
        return $this->queryCapability->raw($value, $connectionName ?? $this->connectionName);
    }
}

== Schema direct action classes ==
<?php

declare(strict_types=1);

namespace Avax\Components\DataStack\Database\System\Capabilities\Migrations\Schema;

use Avax\Components\DataStack\Database\System\Capabilities\Query\Builder\QueryBuilder;
use Throwable;

/**
 * Drops one table through the schema runtime.
 */
final readonly class DropTable
{
    public function __construct(private QueryBuilder $queryBuilder) {}

    /**
     * @throws Throwable
     */
    public function named(string $table): void
    {
        $this->queryBuilder->dropIfExists(table: $table);
    }
}
<?php

declare(strict_types=1);

namespace Avax\Components\DataStack\Database\System\Capabilities\Migrations\Schema;

use Avax\Components\DataStack\Database\System\Capabilities\Query\Builder\QueryBuilder;
use Throwable;

/**
 * Truncates one table through the schema runtime.
 */
final readonly class TruncateTable
{
    public function __construct(private QueryBuilder $queryBuilder) {}

    /**
     * @throws Throwable
     */
    public function named(string $table): void
    {
        $this->queryBuilder->truncate(table: $table);
    }
}
<?php

declare(strict_types=1);

namespace Avax\Components\DataStack\Database\System\Capabilities\Migrations\Schema;

use Avax\Components\DataStack\Database\System\Capabilities\Query\Builder\QueryBuilder;
use Throwable;

/**
 * Creates one database through the schema runtime.
 */
final readonly class CreateDatabase
{
    public function __construct(private QueryBuilder $queryBuilder) {}

    /**
     * @throws Throwable
     */
    public function named(string $name): void
    {
        $this->queryBuilder->createDatabase(name: $name);
    }
}
<?php

declare(strict_types=1);

namespace Avax\Components\DataStack\Database\System\Capabilities\Migrations\Schema;

use Avax\Components\DataStack\Database\System\Capabilities\Query\Builder\QueryBuilder;
use Throwable;

/**
 * Drops one database through the schema runtime.
 */
final readonly class DropDatabase
{
    public function __construct(private QueryBuilder $queryBuilder) {}

    /**
     * @throws Throwable
     */
    public function named(string $name): void
    {
        $this->queryBuilder->dropDatabase(name: $name);
    }
}

== QueryBuilder statement/raw methods ==
components/DataStack/Database/System/Capabilities/Query/Builder/QueryBuilder.php:119:    public function raw(string $value): Expression
components/DataStack/Database/System/Capabilities/Query/Builder/QueryBuilder.php:187:    public function statement(string $query, array $bindings = []): bool
components/DataStack/Database/System/Capabilities/Query/Builder/QueryBuilder.php:197:    public function from(string $table): self
components/DataStack/Database/System/Capabilities/Query/Builder/QueryBuilder.php:472:    public function get(): array
components/DataStack/Database/System/Capabilities/Query/Builder/QueryBuilder.php:587:    public function getGrammar(): GrammarInterface
components/DataStack/Database/System/PublicSurface/Query.php:31:    public function table(string $table, ?string $connectionName = null) : QueryBuilder
components/DataStack/Database/System/PublicSurface/Query.php:36:    public function from(string $table, ?string $connectionName = null) : QueryBuilder
components/DataStack/Database/System/PublicSurface/Query.php:41:    public function raw(string $value, ?string $connectionName = null) : Expression
