== GIT STATUS BEFORE VALIDATION ==
 M .phpunit.cache/test-results
 M EVIDENCE/v1-integrity/broken-reference-groups.md
 M EVIDENCE/v1-integrity/static-integrity-closure-report.md
 M TODO.md
 M components/Application/Facade/System/Foundation/BaseFacade.php
 M components/Application/Text/System/Capabilities/Extract/ExtractDigits.php
 M components/Application/Text/System/Capabilities/Extract/ExtractLetters.php
 M components/Application/Text/System/Capabilities/Transform/TransformLimit.php
 M components/Application/Text/System/Capabilities/Transform/TransformReplace.php
 M components/Application/Text/System/Capabilities/Transform/TransformToAscii.php
 M components/Application/Text/System/Capabilities/Transform/TransformToCamel.php
 M components/Application/Text/System/Capabilities/Transform/TransformToLower.php
 M components/Application/Text/System/Capabilities/Transform/TransformToPlural.php
 M components/Application/Text/System/Capabilities/Transform/TransformToSingular.php
 M components/Application/Text/System/Capabilities/Transform/TransformToSlug.php
 M components/Application/Text/System/Capabilities/Transform/TransformToSnake.php
 M components/Application/Text/System/Capabilities/Transform/TransformToStudly.php
 M components/Application/Text/System/Capabilities/Transform/TransformToUpper.php
 M components/Application/Text/System/Capabilities/Transform/TransformTrim.php
 M how-to-write-avax.md
?? EVIDENCE/v1-integrity/v1-completion-report.md
?? EVIDENCE/v1-truth-verification/
