7fa526d58 (HEAD -> master) Implementation of master plan implementation V1,V2, V3
aeb533494 huuuge refactor
4a876aa2c Implementation of master plan implementation V1,V2, V3
a524f78aa Implementation of master plan implementation V1,V2, V3
aaaeddb3c Implementation of master plan implementation V1,V2, V3
6a54abc61 Implementation of master plan implementation V1,V2, V3
0af093973 Implementation of master plan implementation V1,V2, V3
622631d1a Implementation of master plan implementation V1,V2, V3
8a8459d57 Implementation of master plan implementation V1,V2, V3
a351580cf Implementation of master plan implementation V1,V2, V3
5c984fc43 Implementation of master plan implementation V1,V2, V3
2cc393f2d Implementation of master plan implementation V1,V2, V3
0d62a3483 Implementation of master plan implementation V1,V2, V3
46ab6d004 Implementation of master plan implementation V1,V2, V3
c46c5249c Implementation of master plan implementation V1,V2, V3
0539b5957 Implementation of master plan implementation V1,V2, V3
8d8f6006f Implementation of master plan implementation V1,V2, V3
b9b25692e (origin/master) huuuge refactor
3e8b1d0bb Implementation of master plan implementation V1,V2, V3
fed22c0c1 Implementation of master plan implementation V1,V2, V3
d644ff840 Implementation of master plan implementation V1,V2, V3
aeedd1c13 Implementation of master plan implementation V1,V2, V3
0614d8e3b Implementation of master plan implementation V1,V2, V3
b6155b94d Implementation of master plan implementation V1,V2, V3
e149444b6 (origin/main, origin/HEAD) Preparation for master plan implementation V1,V2, V3
6083004d4 Preparation for master plan implementation V1,V2, V3
be5bb3234 Preparation for master plan implementation V1,V2, V3
0018fbfaa Preparation for master plan implementation V1,V2, V3
44398dab1 Future-proof master plan implementation.
87d07b940 Future-proof master plan implementation.
a3fe56e7e Future-proof master plan implementation.
a2060e69e Future-proof master plan implementation.
a905530c5 Future-proof master plan implementation.
0bc1b9f60 Future-proof master plan implementation.
4a5df4785 Future-proof master plan implementation.
cc7d017a1 Future-proof master plan implementation.
75787ab82 Future-proof master plan implementation.
e60a53830 Future-proof master plan implementation.
62426b8b9 Future-proof master plan implementation.
86c20c1e9 Future-proof master plan implementation.
